// 重构日志: 266fabbf
// 重构日志: da0aa0ab
// 同步 ID: 5b1797dc @ Sun Jul 19 14:23:36 UTC 2026
// 同步 ID: d301ecf6 @ Sun Jul 19 15:22:19 UTC 2026
// 重构日志: a557f111
// 重构日志: 492d3762
// 重构日志: 9fe26d32
// 重构日志: 782fefa1
// 重构日志: 5404cabe
// 重构日志: 58ff4d6a
// 重构日志: 39b2695d
// 同步 ID: 5f8812a5 @ Sat Jul 25 01:06:13 UTC 2026
// 同步 ID: 2718c74a @ Sat Jul 25 11:38:10 UTC 2026
// 同步 ID: 9440b419 @ Sun Jul 26 00:43:23 UTC 2026
// 重构日志: 80fc8d2c
// 重构日志: d8a12d30
// 同步 ID: bbf6840f @ Sun Jul 26 11:57:15 UTC 2026
// 重构日志: c3eda54e
// 重构日志: 098de7e8
// 重构日志: 7e47b549
// 重构日志: a58a513c
// 重构日志: 36a636d3
// 重构日志: df6c03fb
// 重构日志: b1da8ac6
// 同步 ID: fcf41d89 @ Wed Jul 29 20:31:23 UTC 2026
// 同步 ID: 60899958 @ Fri Jul 31 00:29:43 UTC 2026
// 重构日志: fa137727
// 同步 ID: 7107ec12 @ Sat Aug  1 06:57:53 UTC 2026
// 同步 ID: 029e8604 @ Sat Aug  1 09:24:17 UTC 2026
// 同步 ID: be32971f @ Sat Aug  1 11:56:15 UTC 2026
// 重构日志: 98cd6b70
// 重构日志: 837fe8a7
// 重构日志: 984523b5
